// Jest Snapshot v1, https://goo.gl/fbAQLP

exports[`Screen: ProfileScreen ProfileScreen: renders correctly 1`] = `
<RCTSafeAreaView
  emulateUnlessSupported={true}
  style={
    Object {
      "flex": 1,
      "marginTop": 8,
      "padding": 8,
    }
  }
>
  <View
    accessible={true}
    collapsable={false}
    focusable={true}
    onClick={[Function]}
    onResponderGrant={[Function]}
    onResponderMove={[Function]}
    onResponderRelease={[Function]}
    onResponderTerminate={[Function]}
    onResponderTerminationRequest={[Function]}
    onStartShouldSetResponder={[Function]}
    style={
      Object {
        "alignItems": "center",
        "alignSelf": "center",
        "backgroundColor": "#07a1ee",
        "bottom": 0,
        "height": 50,
        "justifyContent": "center",
        "marginBottom": 10,
        "opacity": 1,
        "position": "absolute",
        "width": "50%",
      }
    }
  >
    <Text
      allowFontScaling={false}
      style={
        Object {
          "alignSelf": "center",
          "fontSize": 15,
          "fontWeight": "bold",
          "margin": 8,
        }
      }
      testID="text_articles"
    >
      Articles
    </Text>
  </View>
</RCTSafeAreaView>
`;
